
> ai-developer-agent-ui@1.0.0 start
> react-app-rewired start

Attempting to bind to HOST environment variable: 0.0.0.0
If this was unintentional, check that you haven't mistakenly set it in your shell.
Learn more here: https://cra.link/advanced-config

[HPM] Proxy created: /  -> http://localhost:8080
[HPM] Subscribed to http-proxy events: [ 'error', 'close' ]
[HPM] Proxy created: /  -> http://localhost:8080
[HPM] Subscribed to http-proxy events: [ 'error', 'close' ]
(node:8365) [DEP_WEBPACK_DEV_SERVER_ON_AFTER_SETUP_MIDDLEWARE] DeprecationWarning: 'onAfterSetupMiddleware' option is deprecated. Please use the 'setupMiddlewares' option.
(Use `node --trace-deprecation ...` to show where the warning was created)
(node:8365) [DEP_WEBPACK_DEV_SERVER_ON_BEFORE_SETUP_MIDDLEWARE] DeprecationWarning: 'onBeforeSetupMiddleware' option is deprecated. Please use the 'setupMiddlewares' option.
Starting the development server...

Compiled with warnings.

[eslint] 
src/components/UnifiedEmulator/UnifiedEmulator.js
  Line 2:70:  'lazy' is defined but never used                              no-unused-vars
  Line 4:8:   'useWebSocket' is defined but never used                      no-unused-vars
  Line 21:5:  'activeTools' is assigned a value but never used              no-unused-vars
  Line 22:5:  'processWebSocketMessage' is assigned a value but never used  no-unused-vars

src/components/UnifiedEmulator/tools/CodeOutput.js
  Line 70:32:  Unexpected mix of '||' and '&&'. Use parentheses to clarify the intended order of operations  no-mixed-operators
  Line 71:26:  Unexpected mix of '||' and '&&'. Use parentheses to clarify the intended order of operations  no-mixed-operators
  Line 71:48:  Unexpected mix of '||' and '&&'. Use parentheses to clarify the intended order of operations  no-mixed-operators
  Line 72:26:  Unexpected mix of '||' and '&&'. Use parentheses to clarify the intended order of operations  no-mixed-operators

src/components/UnifiedEmulator/tools/FileSystemOutput.js
  Line 180:9:  'toggleViewMode' is assigned a value but never used  no-unused-vars

src/components/UnifiedEmulator/tools/GitOutput.js
  Line 72:9:  'inOldSection' is assigned a value but never used  no-unused-vars
  Line 73:9:  'inNewSection' is assigned a value but never used  no-unused-vars

src/components/UnifiedEmulator/tools/TerminalOutput.js
  Line 146:6:  React Hook useEffect has missing dependencies: 'allOutputs', 'settings?.fontSize', 'settings?.theme', and 'wsConnected'. Either include them or remove the dependency array  react-hooks/exhaustive-deps

src/hooks/useWebSocket.js
  Line 184:6:  React Hook useEffect has a missing dependency: 'initializeWebSocket'. Either include it or remove the dependency array  react-hooks/exhaustive-deps

src/pages/ChatPage.js
  Line 44:10:  'isTyping' is assigned a value but never used             no-unused-vars
  Line 77:18:  'wsSendMessage' is assigned a value but never used        no-unused-vars
  Line 79:5:   'isReconnecting' is assigned a value but never used       no-unused-vars
  Line 80:16:  'wsReconnect' is assigned a value but never used          no-unused-vars
  Line 81:5:   'getConnectionStatus' is assigned a value but never used  no-unused-vars

Search for the keywords to learn more about each warning.
To ignore, add // eslint-disable-next-line to the line before.

WARNING in [eslint] 
src/components/UnifiedEmulator/UnifiedEmulator.js
  Line 2:70:  'lazy' is defined but never used                              no-unused-vars
  Line 4:8:   'useWebSocket' is defined but never used                      no-unused-vars
  Line 21:5:  'activeTools' is assigned a value but never used              no-unused-vars
  Line 22:5:  'processWebSocketMessage' is assigned a value but never used  no-unused-vars

src/components/UnifiedEmulator/tools/CodeOutput.js
  Line 70:32:  Unexpected mix of '||' and '&&'. Use parentheses to clarify the intended order of operations  no-mixed-operators
  Line 71:26:  Unexpected mix of '||' and '&&'. Use parentheses to clarify the intended order of operations  no-mixed-operators
  Line 71:48:  Unexpected mix of '||' and '&&'. Use parentheses to clarify the intended order of operations  no-mixed-operators
  Line 72:26:  Unexpected mix of '||' and '&&'. Use parentheses to clarify the intended order of operations  no-mixed-operators

src/components/UnifiedEmulator/tools/FileSystemOutput.js
  Line 180:9:  'toggleViewMode' is assigned a value but never used  no-unused-vars

src/components/UnifiedEmulator/tools/GitOutput.js
  Line 72:9:  'inOldSection' is assigned a value but never used  no-unused-vars
  Line 73:9:  'inNewSection' is assigned a value but never used  no-unused-vars

src/components/UnifiedEmulator/tools/TerminalOutput.js
  Line 146:6:  React Hook useEffect has missing dependencies: 'allOutputs', 'settings?.fontSize', 'settings?.theme', and 'wsConnected'. Either include them or remove the dependency array  react-hooks/exhaustive-deps

src/hooks/useWebSocket.js
  Line 184:6:  React Hook useEffect has a missing dependency: 'initializeWebSocket'. Either include it or remove the dependency array  react-hooks/exhaustive-deps

src/pages/ChatPage.js
  Line 44:10:  'isTyping' is assigned a value but never used             no-unused-vars
  Line 77:18:  'wsSendMessage' is assigned a value but never used        no-unused-vars
  Line 79:5:   'isReconnecting' is assigned a value but never used       no-unused-vars
  Line 80:16:  'wsReconnect' is assigned a value but never used          no-unused-vars
  Line 81:5:   'getConnectionStatus' is assigned a value but never used  no-unused-vars

webpack compiled with 1 warning
(node:8365) [DEP0060] DeprecationWarning: The `util._extend` API is deprecated. Please use Object.assign() instead.
Compiling...
Failed to compile.

[eslint] 
src/hooks/useChatStore.js
Syntax error: Missing catch or finally clause. (126:4) (126:4)
WARNING in [eslint] 
src/components/UnifiedEmulator/UnifiedEmulator.js
  Line 2:70:  'lazy' is defined but never used                              no-unused-vars
  Line 4:8:   'useWebSocket' is defined but never used                      no-unused-vars
  Line 21:5:  'activeTools' is assigned a value but never used              no-unused-vars
  Line 22:5:  'processWebSocketMessage' is assigned a value but never used  no-unused-vars

src/components/UnifiedEmulator/tools/CodeOutput.js
  Line 70:32:  Unexpected mix of '||' and '&&'. Use parentheses to clarify the intended order of operations  no-mixed-operators
  Line 71:26:  Unexpected mix of '||' and '&&'. Use parentheses to clarify the intended order of operations  no-mixed-operators
  Line 71:48:  Unexpected mix of '||' and '&&'. Use parentheses to clarify the intended order of operations  no-mixed-operators
  Line 72:26:  Unexpected mix of '||' and '&&'. Use parentheses to clarify the intended order of operations  no-mixed-operators

src/components/UnifiedEmulator/tools/FileSystemOutput.js
  Line 180:9:  'toggleViewMode' is assigned a value but never used  no-unused-vars

src/components/UnifiedEmulator/tools/GitOutput.js
  Line 72:9:  'inOldSection' is assigned a value but never used  no-unused-vars
  Line 73:9:  'inNewSection' is assigned a value but never used  no-unused-vars

src/components/UnifiedEmulator/tools/TerminalOutput.js
  Line 146:6:  React Hook useEffect has missing dependencies: 'allOutputs', 'settings?.fontSize', 'settings?.theme', and 'wsConnected'. Either include them or remove the dependency array  react-hooks/exhaustive-deps

src/hooks/useWebSocket.js
  Line 184:6:  React Hook useEffect has a missing dependency: 'initializeWebSocket'. Either include it or remove the dependency array  react-hooks/exhaustive-deps

src/pages/ChatPage.js
  Line 44:10:  'isTyping' is assigned a value but never used             no-unused-vars
  Line 77:18:  'wsSendMessage' is assigned a value but never used        no-unused-vars
  Line 79:5:   'isReconnecting' is assigned a value but never used       no-unused-vars
  Line 80:16:  'wsReconnect' is assigned a value but never used          no-unused-vars
  Line 81:5:   'getConnectionStatus' is assigned a value but never used  no-unused-vars

ERROR in ./src/hooks/useChatStore.js
Module build failed (from ./node_modules/babel-loader/lib/index.js):
SyntaxError: /home/ubuntu/FSDevAgent/frontend/src/hooks/useChatStore.js: Missing catch or finally clause. (126:4)

  124 |     });
  125 |     
> 126 |     try {
      |     ^
  127 |       // Add initial assistant message that will be updated
  128 |       const assistantMessageId = uuidv4();
  129 |       get().addMessage({
    at constructor (/home/ubuntu/FSDevAgent/frontend/node_modules/@babel/parser/lib/index.js:363:19)
    at FlowParserMixin.raise (/home/ubuntu/FSDevAgent/frontend/node_modules/@babel/parser/lib/index.js:6609:19)
    at FlowParserMixin.parseTryStatement (/home/ubuntu/FSDevAgent/frontend/node_modules/@babel/parser/lib/index.js:13116:12)
    at FlowParserMixin.parseStatementContent (/home/ubuntu/FSDevAgent/frontend/node_modules/@babel/parser/lib/index.js:12695:21)
    at FlowParserMixin.parseStatementLike (/home/ubuntu/FSDevAgent/frontend/node_modules/@babel/parser/lib/index.js:12658:17)
    at FlowParserMixin.parseStatementLike (/home/ubuntu/FSDevAgent/frontend/node_modules/@babel/parser/lib/index.js:2928:24)
    at FlowParserMixin.parseStatementListItem (/home/ubuntu/FSDevAgent/frontend/node_modules/@babel/parser/lib/index.js:12638:17)
    at FlowParserMixin.parseBlockOrModuleBlockBody (/home/ubuntu/FSDevAgent/frontend/node_modules/@babel/parser/lib/index.js:13208:61)
    at FlowParserMixin.parseBlockBody (/home/ubuntu/FSDevAgent/frontend/node_modules/@babel/parser/lib/index.js:13201:10)
    at FlowParserMixin.parseBlock (/home/ubuntu/FSDevAgent/frontend/node_modules/@babel/parser/lib/index.js:13189:10)
    at FlowParserMixin.parseFunctionBody (/home/ubuntu/FSDevAgent/frontend/node_modules/@babel/parser/lib/index.js:12019:24)
    at /home/ubuntu/FSDevAgent/frontend/node_modules/@babel/parser/lib/index.js:2902:63
    at FlowParserMixin.forwardNoArrowParamsConversionAt (/home/ubuntu/FSDevAgent/frontend/node_modules/@babel/parser/lib/index.js:3078:16)
    at FlowParserMixin.parseFunctionBody (/home/ubuntu/FSDevAgent/frontend/node_modules/@babel/parser/lib/index.js:2902:12)
    at FlowParserMixin.parseArrowExpression (/home/ubuntu/FSDevAgent/frontend/node_modules/@babel/parser/lib/index.js:11994:10)
    at FlowParserMixin.parseAsyncArrowFromCallExpression (/home/ubuntu/FSDevAgent/frontend/node_modules/@babel/parser/lib/index.js:11179:10)
    at FlowParserMixin.parseAsyncArrowFromCallExpression (/home/ubuntu/FSDevAgent/frontend/node_modules/@babel/parser/lib/index.js:3499:18)
    at FlowParserMixin.parseCoverCallAndAsyncArrowHead (/home/ubuntu/FSDevAgent/frontend/node_modules/@babel/parser/lib/index.js:11109:27)
    at FlowParserMixin.parseSubscript (/home/ubuntu/FSDevAgent/frontend/node_modules/@babel/parser/lib/index.js:11035:19)
    at FlowParserMixin.parseSubscript (/home/ubuntu/FSDevAgent/frontend/node_modules/@babel/parser/lib/index.js:3662:18)
    at FlowParserMixin.parseSubscripts (/home/ubuntu/FSDevAgent/frontend/node_modules/@babel/parser/lib/index.js:11009:19)
    at FlowParserMixin.parseSubscripts (/home/ubuntu/FSDevAgent/frontend/node_modules/@babel/parser/lib/index.js:3628:18)
    at FlowParserMixin.parseExprSubscripts (/home/ubuntu/FSDevAgent/frontend/node_modules/@babel/parser/lib/index.js:11000:17)
    at FlowParserMixin.parseUpdate (/home/ubuntu/FSDevAgent/frontend/node_modules/@babel/parser/lib/index.js:10981:21)
    at FlowParserMixin.parseMaybeUnary (/home/ubuntu/FSDevAgent/frontend/node_modules/@babel/parser/lib/index.js:10961:23)
    at FlowParserMixin.parseMaybeUnaryOrPrivate (/home/ubuntu/FSDevAgent/frontend/node_modules/@babel/parser/lib/index.js:10814:61)
    at FlowParserMixin.parseExprOps (/home/ubuntu/FSDevAgent/frontend/node_modules/@babel/parser/lib/index.js:10819:23)
    at FlowParserMixin.parseMaybeConditional (/home/ubuntu/FSDevAgent/frontend/node_modules/@babel/parser/lib/index.js:10796:23)
    at FlowParserMixin.parseMaybeAssign (/home/ubuntu/FSDevAgent/frontend/node_modules/@babel/parser/lib/index.js:10749:21)
    at FlowParserMixin.parseMaybeAssign (/home/ubuntu/FSDevAgent/frontend/node_modules/@babel/parser/lib/index.js:3561:18)
    at /home/ubuntu/FSDevAgent/frontend/node_modules/@babel/parser/lib/index.js:10718:39
    at FlowParserMixin.allowInAnd (/home/ubuntu/FSDevAgent/frontend/node_modules/@babel/parser/lib/index.js:12345:12)
    at FlowParserMixin.parseMaybeAssignAllowIn (/home/ubuntu/FSDevAgent/frontend/node_modules/@babel/parser/lib/index.js:10718:17)
    at FlowParserMixin.parseObjectProperty (/home/ubuntu/FSDevAgent/frontend/node_modules/@babel/parser/lib/index.js:11869:83)
    at FlowParserMixin.parseObjPropValue (/home/ubuntu/FSDevAgent/frontend/node_modules/@babel/parser/lib/index.js:11897:100)
    at FlowParserMixin.parseObjPropValue (/home/ubuntu/FSDevAgent/frontend/node_modules/@babel/parser/lib/index.js:3351:26)
    at FlowParserMixin.parsePropertyDefinition (/home/ubuntu/FSDevAgent/frontend/node_modules/@babel/parser/lib/index.js:11834:17)
    at FlowParserMixin.parseObjectLike (/home/ubuntu/FSDevAgent/frontend/node_modules/@babel/parser/lib/index.js:11749:21)
    at FlowParserMixin.parseExprAtom (/home/ubuntu/FSDevAgent/frontend/node_modules/@babel/parser/lib/index.js:11254:23)
    at FlowParserMixin.parseExprAtom (/home/ubuntu/FSDevAgent/frontend/node_modules/@babel/parser/lib/index.js:4776:20)
    at FlowParserMixin.parseExprSubscripts (/home/ubuntu/FSDevAgent/frontend/node_modules/@babel/parser/lib/index.js:10996:23)
    at FlowParserMixin.parseUpdate (/home/ubuntu/FSDevAgent/frontend/node_modules/@babel/parser/lib/index.js:10981:21)
    at FlowParserMixin.parseMaybeUnary (/home/ubuntu/FSDevAgent/frontend/node_modules/@babel/parser/lib/index.js:10961:23)
    at FlowParserMixin.parseMaybeUnaryOrPrivate (/home/ubuntu/FSDevAgent/frontend/node_modules/@babel/parser/lib/index.js:10814:61)
    at FlowParserMixin.parseExprOps (/home/ubuntu/FSDevAgent/frontend/node_modules/@babel/parser/lib/index.js:10819:23)
    at FlowParserMixin.parseMaybeConditional (/home/ubuntu/FSDevAgent/frontend/node_modules/@babel/parser/lib/index.js:10796:23)
    at FlowParserMixin.parseMaybeAssign (/home/ubuntu/FSDevAgent/frontend/node_modules/@babel/parser/lib/index.js:10749:21)
    at FlowParserMixin.parseMaybeAssign (/home/ubuntu/FSDevAgent/frontend/node_modules/@babel/parser/lib/index.js:3561:18)
    at /home/ubuntu/FSDevAgent/frontend/node_modules/@babel/parser/lib/index.js:10718:39
    at FlowParserMixin.allowInAnd (/home/ubuntu/FSDevAgent/frontend/node_modules/@babel/parser/lib/index.js:12345:12)

ERROR in [eslint] 
src/hooks/useChatStore.js
  Line 126:4:  Parsing error: Missing catch or finally clause. (126:4)

webpack compiled with 2 errors and 1 warning
Compiling...
Failed to compile.

[eslint] 
src/hooks/useChatStore.js
Syntax error: Missing catch or finally clause. (126:4) (126:4)
WARNING in [eslint] 
src/components/UnifiedEmulator/UnifiedEmulator.js
  Line 2:70:  'lazy' is defined but never used                              no-unused-vars
  Line 4:8:   'useWebSocket' is defined but never used                      no-unused-vars
  Line 21:5:  'activeTools' is assigned a value but never used              no-unused-vars
  Line 22:5:  'processWebSocketMessage' is assigned a value but never used  no-unused-vars

src/components/UnifiedEmulator/tools/CodeOutput.js
  Line 70:32:  Unexpected mix of '||' and '&&'. Use parentheses to clarify the intended order of operations  no-mixed-operators
  Line 71:26:  Unexpected mix of '||' and '&&'. Use parentheses to clarify the intended order of operations  no-mixed-operators
  Line 71:48:  Unexpected mix of '||' and '&&'. Use parentheses to clarify the intended order of operations  no-mixed-operators
  Line 72:26:  Unexpected mix of '||' and '&&'. Use parentheses to clarify the intended order of operations  no-mixed-operators

src/components/UnifiedEmulator/tools/FileSystemOutput.js
  Line 180:9:  'toggleViewMode' is assigned a value but never used  no-unused-vars

src/components/UnifiedEmulator/tools/GitOutput.js
  Line 72:9:  'inOldSection' is assigned a value but never used  no-unused-vars
  Line 73:9:  'inNewSection' is assigned a value but never used  no-unused-vars

src/components/UnifiedEmulator/tools/TerminalOutput.js
  Line 146:6:  React Hook useEffect has missing dependencies: 'allOutputs', 'settings?.fontSize', 'settings?.theme', and 'wsConnected'. Either include them or remove the dependency array  react-hooks/exhaustive-deps

src/hooks/useWebSocket.js
  Line 184:6:  React Hook useEffect has a missing dependency: 'initializeWebSocket'. Either include it or remove the dependency array  react-hooks/exhaustive-deps

src/pages/ChatPage.js
  Line 44:10:  'isTyping' is assigned a value but never used             no-unused-vars
  Line 77:18:  'wsSendMessage' is assigned a value but never used        no-unused-vars
  Line 79:5:   'isReconnecting' is assigned a value but never used       no-unused-vars
  Line 80:16:  'wsReconnect' is assigned a value but never used          no-unused-vars
  Line 81:5:   'getConnectionStatus' is assigned a value but never used  no-unused-vars

ERROR in ./src/hooks/useChatStore.js
Module build failed (from ./node_modules/babel-loader/lib/index.js):
SyntaxError: /home/ubuntu/FSDevAgent/frontend/src/hooks/useChatStore.js: Missing catch or finally clause. (126:4)

  124 |     });
  125 |     
> 126 |     try {
      |     ^
  127 |       // Add initial assistant message that will be updated
  128 |       const assistantMessageId = uuidv4();
  129 |       get().addMessage({
    at constructor (/home/ubuntu/FSDevAgent/frontend/node_modules/@babel/parser/lib/index.js:363:19)
    at FlowParserMixin.raise (/home/ubuntu/FSDevAgent/frontend/node_modules/@babel/parser/lib/index.js:6609:19)
    at FlowParserMixin.parseTryStatement (/home/ubuntu/FSDevAgent/frontend/node_modules/@babel/parser/lib/index.js:13116:12)
    at FlowParserMixin.parseStatementContent (/home/ubuntu/FSDevAgent/frontend/node_modules/@babel/parser/lib/index.js:12695:21)
    at FlowParserMixin.parseStatementLike (/home/ubuntu/FSDevAgent/frontend/node_modules/@babel/parser/lib/index.js:12658:17)
    at FlowParserMixin.parseStatementLike (/home/ubuntu/FSDevAgent/frontend/node_modules/@babel/parser/lib/index.js:2928:24)
    at FlowParserMixin.parseStatementListItem (/home/ubuntu/FSDevAgent/frontend/node_modules/@babel/parser/lib/index.js:12638:17)
    at FlowParserMixin.parseBlockOrModuleBlockBody (/home/ubuntu/FSDevAgent/frontend/node_modules/@babel/parser/lib/index.js:13208:61)
    at FlowParserMixin.parseBlockBody (/home/ubuntu/FSDevAgent/frontend/node_modules/@babel/parser/lib/index.js:13201:10)
    at FlowParserMixin.parseBlock (/home/ubuntu/FSDevAgent/frontend/node_modules/@babel/parser/lib/index.js:13189:10)
    at FlowParserMixin.parseFunctionBody (/home/ubuntu/FSDevAgent/frontend/node_modules/@babel/parser/lib/index.js:12019:24)
    at /home/ubuntu/FSDevAgent/frontend/node_modules/@babel/parser/lib/index.js:2902:63
    at FlowParserMixin.forwardNoArrowParamsConversionAt (/home/ubuntu/FSDevAgent/frontend/node_modules/@babel/parser/lib/index.js:3078:16)
    at FlowParserMixin.parseFunctionBody (/home/ubuntu/FSDevAgent/frontend/node_modules/@babel/parser/lib/index.js:2902:12)
    at FlowParserMixin.parseArrowExpression (/home/ubuntu/FSDevAgent/frontend/node_modules/@babel/parser/lib/index.js:11994:10)
    at FlowParserMixin.parseAsyncArrowFromCallExpression (/home/ubuntu/FSDevAgent/frontend/node_modules/@babel/parser/lib/index.js:11179:10)
    at FlowParserMixin.parseAsyncArrowFromCallExpression (/home/ubuntu/FSDevAgent/frontend/node_modules/@babel/parser/lib/index.js:3499:18)
    at FlowParserMixin.parseCoverCallAndAsyncArrowHead (/home/ubuntu/FSDevAgent/frontend/node_modules/@babel/parser/lib/index.js:11109:27)
    at FlowParserMixin.parseSubscript (/home/ubuntu/FSDevAgent/frontend/node_modules/@babel/parser/lib/index.js:11035:19)
    at FlowParserMixin.parseSubscript (/home/ubuntu/FSDevAgent/frontend/node_modules/@babel/parser/lib/index.js:3662:18)
    at FlowParserMixin.parseSubscripts (/home/ubuntu/FSDevAgent/frontend/node_modules/@babel/parser/lib/index.js:11009:19)
    at FlowParserMixin.parseSubscripts (/home/ubuntu/FSDevAgent/frontend/node_modules/@babel/parser/lib/index.js:3628:18)
    at FlowParserMixin.parseExprSubscripts (/home/ubuntu/FSDevAgent/frontend/node_modules/@babel/parser/lib/index.js:11000:17)
    at FlowParserMixin.parseUpdate (/home/ubuntu/FSDevAgent/frontend/node_modules/@babel/parser/lib/index.js:10981:21)
    at FlowParserMixin.parseMaybeUnary (/home/ubuntu/FSDevAgent/frontend/node_modules/@babel/parser/lib/index.js:10961:23)
    at FlowParserMixin.parseMaybeUnaryOrPrivate (/home/ubuntu/FSDevAgent/frontend/node_modules/@babel/parser/lib/index.js:10814:61)
    at FlowParserMixin.parseExprOps (/home/ubuntu/FSDevAgent/frontend/node_modules/@babel/parser/lib/index.js:10819:23)
    at FlowParserMixin.parseMaybeConditional (/home/ubuntu/FSDevAgent/frontend/node_modules/@babel/parser/lib/index.js:10796:23)
    at FlowParserMixin.parseMaybeAssign (/home/ubuntu/FSDevAgent/frontend/node_modules/@babel/parser/lib/index.js:10749:21)
    at FlowParserMixin.parseMaybeAssign (/home/ubuntu/FSDevAgent/frontend/node_modules/@babel/parser/lib/index.js:3561:18)
    at /home/ubuntu/FSDevAgent/frontend/node_modules/@babel/parser/lib/index.js:10718:39
    at FlowParserMixin.allowInAnd (/home/ubuntu/FSDevAgent/frontend/node_modules/@babel/parser/lib/index.js:12345:12)
    at FlowParserMixin.parseMaybeAssignAllowIn (/home/ubuntu/FSDevAgent/frontend/node_modules/@babel/parser/lib/index.js:10718:17)
    at FlowParserMixin.parseObjectProperty (/home/ubuntu/FSDevAgent/frontend/node_modules/@babel/parser/lib/index.js:11869:83)
    at FlowParserMixin.parseObjPropValue (/home/ubuntu/FSDevAgent/frontend/node_modules/@babel/parser/lib/index.js:11897:100)
    at FlowParserMixin.parseObjPropValue (/home/ubuntu/FSDevAgent/frontend/node_modules/@babel/parser/lib/index.js:3351:26)
    at FlowParserMixin.parsePropertyDefinition (/home/ubuntu/FSDevAgent/frontend/node_modules/@babel/parser/lib/index.js:11834:17)
    at FlowParserMixin.parseObjectLike (/home/ubuntu/FSDevAgent/frontend/node_modules/@babel/parser/lib/index.js:11749:21)
    at FlowParserMixin.parseExprAtom (/home/ubuntu/FSDevAgent/frontend/node_modules/@babel/parser/lib/index.js:11254:23)
    at FlowParserMixin.parseExprAtom (/home/ubuntu/FSDevAgent/frontend/node_modules/@babel/parser/lib/index.js:4776:20)
    at FlowParserMixin.parseExprSubscripts (/home/ubuntu/FSDevAgent/frontend/node_modules/@babel/parser/lib/index.js:10996:23)
    at FlowParserMixin.parseUpdate (/home/ubuntu/FSDevAgent/frontend/node_modules/@babel/parser/lib/index.js:10981:21)
    at FlowParserMixin.parseMaybeUnary (/home/ubuntu/FSDevAgent/frontend/node_modules/@babel/parser/lib/index.js:10961:23)
    at FlowParserMixin.parseMaybeUnaryOrPrivate (/home/ubuntu/FSDevAgent/frontend/node_modules/@babel/parser/lib/index.js:10814:61)
    at FlowParserMixin.parseExprOps (/home/ubuntu/FSDevAgent/frontend/node_modules/@babel/parser/lib/index.js:10819:23)
    at FlowParserMixin.parseMaybeConditional (/home/ubuntu/FSDevAgent/frontend/node_modules/@babel/parser/lib/index.js:10796:23)
    at FlowParserMixin.parseMaybeAssign (/home/ubuntu/FSDevAgent/frontend/node_modules/@babel/parser/lib/index.js:10749:21)
    at FlowParserMixin.parseMaybeAssign (/home/ubuntu/FSDevAgent/frontend/node_modules/@babel/parser/lib/index.js:3561:18)
    at /home/ubuntu/FSDevAgent/frontend/node_modules/@babel/parser/lib/index.js:10718:39
    at FlowParserMixin.allowInAnd (/home/ubuntu/FSDevAgent/frontend/node_modules/@babel/parser/lib/index.js:12345:12)

ERROR in [eslint] 
src/hooks/useChatStore.js
  Line 126:4:  Parsing error: Missing catch or finally clause. (126:4)

webpack compiled with 2 errors and 1 warning
Compiling...
Failed to compile.

[eslint] 
src/hooks/useChatStore.js
Syntax error: Unexpected token, expected "," (221:20) (221:20)
WARNING in [eslint] 
src/components/UnifiedEmulator/UnifiedEmulator.js
  Line 2:70:  'lazy' is defined but never used                              no-unused-vars
  Line 4:8:   'useWebSocket' is defined but never used                      no-unused-vars
  Line 21:5:  'activeTools' is assigned a value but never used              no-unused-vars
  Line 22:5:  'processWebSocketMessage' is assigned a value but never used  no-unused-vars

src/components/UnifiedEmulator/tools/CodeOutput.js
  Line 70:32:  Unexpected mix of '||' and '&&'. Use parentheses to clarify the intended order of operations  no-mixed-operators
  Line 71:26:  Unexpected mix of '||' and '&&'. Use parentheses to clarify the intended order of operations  no-mixed-operators
  Line 71:48:  Unexpected mix of '||' and '&&'. Use parentheses to clarify the intended order of operations  no-mixed-operators
  Line 72:26:  Unexpected mix of '||' and '&&'. Use parentheses to clarify the intended order of operations  no-mixed-operators

src/components/UnifiedEmulator/tools/FileSystemOutput.js
  Line 180:9:  'toggleViewMode' is assigned a value but never used  no-unused-vars

src/components/UnifiedEmulator/tools/GitOutput.js
  Line 72:9:  'inOldSection' is assigned a value but never used  no-unused-vars
  Line 73:9:  'inNewSection' is assigned a value but never used  no-unused-vars

src/components/UnifiedEmulator/tools/TerminalOutput.js
  Line 146:6:  React Hook useEffect has missing dependencies: 'allOutputs', 'settings?.fontSize', 'settings?.theme', and 'wsConnected'. Either include them or remove the dependency array  react-hooks/exhaustive-deps

src/hooks/useWebSocket.js
  Line 184:6:  React Hook useEffect has a missing dependency: 'initializeWebSocket'. Either include it or remove the dependency array  react-hooks/exhaustive-deps

src/pages/ChatPage.js
  Line 44:10:  'isTyping' is assigned a value but never used             no-unused-vars
  Line 77:18:  'wsSendMessage' is assigned a value but never used        no-unused-vars
  Line 79:5:   'isReconnecting' is assigned a value but never used       no-unused-vars
  Line 80:16:  'wsReconnect' is assigned a value but never used          no-unused-vars
  Line 81:5:   'getConnectionStatus' is assigned a value but never used  no-unused-vars

ERROR in ./src/hooks/useChatStore.js
Module build failed (from ./node_modules/babel-loader/lib/index.js):
SyntaxError: /home/ubuntu/FSDevAgent/frontend/src/hooks/useChatStore.js: Unexpected token, expected "," (221:20)

  219 |   },
  220 |           // Mark the last assistant message as complete
> 221 |           set(state => {
      |                     ^
  222 |             const messages = [...state.messages];
  223 |             const lastMessage = messages[messages.length - 1];
  224 |             
    at constructor (/home/ubuntu/FSDevAgent/frontend/node_modules/@babel/parser/lib/index.js:363:19)
    at FlowParserMixin.raise (/home/ubuntu/FSDevAgent/frontend/node_modules/@babel/parser/lib/index.js:6609:19)
    at FlowParserMixin.unexpected (/home/ubuntu/FSDevAgent/frontend/node_modules/@babel/parser/lib/index.js:6629:16)
    at FlowParserMixin.expect (/home/ubuntu/FSDevAgent/frontend/node_modules/@babel/parser/lib/index.js:6910:12)
    at FlowParserMixin.parseBindingList (/home/ubuntu/FSDevAgent/frontend/node_modules/@babel/parser/lib/index.js:7355:14)
    at FlowParserMixin.parseFunctionParams (/home/ubuntu/FSDevAgent/frontend/node_modules/@babel/parser/lib/index.js:13349:24)
    at FlowParserMixin.parseFunctionParams (/home/ubuntu/FSDevAgent/frontend/node_modules/@babel/parser/lib/index.js:3483:11)
    at FlowParserMixin.parseMethod (/home/ubuntu/FSDevAgent/frontend/node_modules/@babel/parser/lib/index.js:11962:10)
    at FlowParserMixin.parseObjectMethod (/home/ubuntu/FSDevAgent/frontend/node_modules/@babel/parser/lib/index.js:11863:19)
    at FlowParserMixin.parseObjPropValue (/home/ubuntu/FSDevAgent/frontend/node_modules/@babel/parser/lib/index.js:11897:23)
    at FlowParserMixin.parseObjPropValue (/home/ubuntu/FSDevAgent/frontend/node_modules/@babel/parser/lib/index.js:3351:26)
    at FlowParserMixin.parsePropertyDefinition (/home/ubuntu/FSDevAgent/frontend/node_modules/@babel/parser/lib/index.js:11834:17)
    at FlowParserMixin.parseObjectLike (/home/ubuntu/FSDevAgent/frontend/node_modules/@babel/parser/lib/index.js:11749:21)
    at FlowParserMixin.parseExprAtom (/home/ubuntu/FSDevAgent/frontend/node_modules/@babel/parser/lib/index.js:11254:23)
    at FlowParserMixin.parseExprAtom (/home/ubuntu/FSDevAgent/frontend/node_modules/@babel/parser/lib/index.js:4776:20)
    at FlowParserMixin.parseExprSubscripts (/home/ubuntu/FSDevAgent/frontend/node_modules/@babel/parser/lib/index.js:10996:23)
    at FlowParserMixin.parseUpdate (/home/ubuntu/FSDevAgent/frontend/node_modules/@babel/parser/lib/index.js:10981:21)
    at FlowParserMixin.parseMaybeUnary (/home/ubuntu/FSDevAgent/frontend/node_modules/@babel/parser/lib/index.js:10961:23)
    at FlowParserMixin.parseMaybeUnaryOrPrivate (/home/ubuntu/FSDevAgent/frontend/node_modules/@babel/parser/lib/index.js:10814:61)
    at FlowParserMixin.parseExprOps (/home/ubuntu/FSDevAgent/frontend/node_modules/@babel/parser/lib/index.js:10819:23)
    at FlowParserMixin.parseMaybeConditional (/home/ubuntu/FSDevAgent/frontend/node_modules/@babel/parser/lib/index.js:10796:23)
    at FlowParserMixin.parseMaybeAssign (/home/ubuntu/FSDevAgent/frontend/node_modules/@babel/parser/lib/index.js:10749:21)
    at FlowParserMixin.parseMaybeAssign (/home/ubuntu/FSDevAgent/frontend/node_modules/@babel/parser/lib/index.js:3561:18)
    at /home/ubuntu/FSDevAgent/frontend/node_modules/@babel/parser/lib/index.js:10718:39
    at FlowParserMixin.allowInAnd (/home/ubuntu/FSDevAgent/frontend/node_modules/@babel/parser/lib/index.js:12345:12)
    at FlowParserMixin.parseMaybeAssignAllowIn (/home/ubuntu/FSDevAgent/frontend/node_modules/@babel/parser/lib/index.js:10718:17)
    at FlowParserMixin.parseParenAndDistinguishExpression (/home/ubuntu/FSDevAgent/frontend/node_modules/@babel/parser/lib/index.js:11592:28)
    at FlowParserMixin.parseParenAndDistinguishExpression (/home/ubuntu/FSDevAgent/frontend/node_modules/@babel/parser/lib/index.js:3603:18)
    at FlowParserMixin.parseExprAtom (/home/ubuntu/FSDevAgent/frontend/node_modules/@babel/parser/lib/index.js:11246:23)
    at FlowParserMixin.parseExprAtom (/home/ubuntu/FSDevAgent/frontend/node_modules/@babel/parser/lib/index.js:4776:20)
    at FlowParserMixin.parseExprSubscripts (/home/ubuntu/FSDevAgent/frontend/node_modules/@babel/parser/lib/index.js:10996:23)
    at FlowParserMixin.parseUpdate (/home/ubuntu/FSDevAgent/frontend/node_modules/@babel/parser/lib/index.js:10981:21)
    at FlowParserMixin.parseMaybeUnary (/home/ubuntu/FSDevAgent/frontend/node_modules/@babel/parser/lib/index.js:10961:23)
    at FlowParserMixin.parseMaybeUnaryOrPrivate (/home/ubuntu/FSDevAgent/frontend/node_modules/@babel/parser/lib/index.js:10814:61)
    at FlowParserMixin.parseExprOps (/home/ubuntu/FSDevAgent/frontend/node_modules/@babel/parser/lib/index.js:10819:23)
    at FlowParserMixin.parseMaybeConditional (/home/ubuntu/FSDevAgent/frontend/node_modules/@babel/parser/lib/index.js:10796:23)
    at FlowParserMixin.parseMaybeAssign (/home/ubuntu/FSDevAgent/frontend/node_modules/@babel/parser/lib/index.js:10749:21)
    at FlowParserMixin.parseMaybeAssign (/home/ubuntu/FSDevAgent/frontend/node_modules/@babel/parser/lib/index.js:3561:18)
    at FlowParserMixin.parseFunctionBody (/home/ubuntu/FSDevAgent/frontend/node_modules/@babel/parser/lib/index.js:12012:24)
    at /home/ubuntu/FSDevAgent/frontend/node_modules/@babel/parser/lib/index.js:2902:63
    at FlowParserMixin.forwardNoArrowParamsConversionAt (/home/ubuntu/FSDevAgent/frontend/node_modules/@babel/parser/lib/index.js:3078:16)
    at FlowParserMixin.parseFunctionBody (/home/ubuntu/FSDevAgent/frontend/node_modules/@babel/parser/lib/index.js:2902:12)
    at FlowParserMixin.parseArrowExpression (/home/ubuntu/FSDevAgent/frontend/node_modules/@babel/parser/lib/index.js:11994:10)
    at FlowParserMixin.parseParenAndDistinguishExpression (/home/ubuntu/FSDevAgent/frontend/node_modules/@babel/parser/lib/index.js:11604:12)
    at FlowParserMixin.parseParenAndDistinguishExpression (/home/ubuntu/FSDevAgent/frontend/node_modules/@babel/parser/lib/index.js:3603:18)
    at FlowParserMixin.parseExprAtom (/home/ubuntu/FSDevAgent/frontend/node_modules/@babel/parser/lib/index.js:11246:23)
    at FlowParserMixin.parseExprAtom (/home/ubuntu/FSDevAgent/frontend/node_modules/@babel/parser/lib/index.js:4776:20)
    at FlowParserMixin.parseExprSubscripts (/home/ubuntu/FSDevAgent/frontend/node_modules/@babel/parser/lib/index.js:10996:23)
    at FlowParserMixin.parseUpdate (/home/ubuntu/FSDevAgent/frontend/node_modules/@babel/parser/lib/index.js:10981:21)
    at FlowParserMixin.parseMaybeUnary (/home/ubuntu/FSDevAgent/frontend/node_modules/@babel/parser/lib/index.js:10961:23)

ERROR in [eslint] 
src/hooks/useChatStore.js
  Line 221:20:  Parsing error: Unexpected token, expected "," (221:20)

webpack compiled with 2 errors and 1 warning
Compiling...
Compiled with warnings.

[eslint] 
src/components/UnifiedEmulator/UnifiedEmulator.js
  Line 2:70:  'lazy' is defined but never used                              no-unused-vars
  Line 4:8:   'useWebSocket' is defined but never used                      no-unused-vars
  Line 21:5:  'activeTools' is assigned a value but never used              no-unused-vars
  Line 22:5:  'processWebSocketMessage' is assigned a value but never used  no-unused-vars

src/components/UnifiedEmulator/tools/CodeOutput.js
  Line 70:32:  Unexpected mix of '||' and '&&'. Use parentheses to clarify the intended order of operations  no-mixed-operators
  Line 71:26:  Unexpected mix of '||' and '&&'. Use parentheses to clarify the intended order of operations  no-mixed-operators
  Line 71:48:  Unexpected mix of '||' and '&&'. Use parentheses to clarify the intended order of operations  no-mixed-operators
  Line 72:26:  Unexpected mix of '||' and '&&'. Use parentheses to clarify the intended order of operations  no-mixed-operators

src/components/UnifiedEmulator/tools/FileSystemOutput.js
  Line 180:9:  'toggleViewMode' is assigned a value but never used  no-unused-vars

src/components/UnifiedEmulator/tools/GitOutput.js
  Line 72:9:  'inOldSection' is assigned a value but never used  no-unused-vars
  Line 73:9:  'inNewSection' is assigned a value but never used  no-unused-vars

src/components/UnifiedEmulator/tools/TerminalOutput.js
  Line 146:6:  React Hook useEffect has missing dependencies: 'allOutputs', 'settings?.fontSize', 'settings?.theme', and 'wsConnected'. Either include them or remove the dependency array  react-hooks/exhaustive-deps

src/hooks/useWebSocket.js
  Line 184:6:  React Hook useEffect has a missing dependency: 'initializeWebSocket'. Either include it or remove the dependency array  react-hooks/exhaustive-deps

src/pages/ChatPage.js
  Line 44:10:  'isTyping' is assigned a value but never used             no-unused-vars
  Line 77:18:  'wsSendMessage' is assigned a value but never used        no-unused-vars
  Line 79:5:   'isReconnecting' is assigned a value but never used       no-unused-vars
  Line 80:16:  'wsReconnect' is assigned a value but never used          no-unused-vars
  Line 81:5:   'getConnectionStatus' is assigned a value but never used  no-unused-vars

Search for the keywords to learn more about each warning.
To ignore, add // eslint-disable-next-line to the line before.

WARNING in [eslint] 
src/components/UnifiedEmulator/UnifiedEmulator.js
  Line 2:70:  'lazy' is defined but never used                              no-unused-vars
  Line 4:8:   'useWebSocket' is defined but never used                      no-unused-vars
  Line 21:5:  'activeTools' is assigned a value but never used              no-unused-vars
  Line 22:5:  'processWebSocketMessage' is assigned a value but never used  no-unused-vars

src/components/UnifiedEmulator/tools/CodeOutput.js
  Line 70:32:  Unexpected mix of '||' and '&&'. Use parentheses to clarify the intended order of operations  no-mixed-operators
  Line 71:26:  Unexpected mix of '||' and '&&'. Use parentheses to clarify the intended order of operations  no-mixed-operators
  Line 71:48:  Unexpected mix of '||' and '&&'. Use parentheses to clarify the intended order of operations  no-mixed-operators
  Line 72:26:  Unexpected mix of '||' and '&&'. Use parentheses to clarify the intended order of operations  no-mixed-operators

src/components/UnifiedEmulator/tools/FileSystemOutput.js
  Line 180:9:  'toggleViewMode' is assigned a value but never used  no-unused-vars

src/components/UnifiedEmulator/tools/GitOutput.js
  Line 72:9:  'inOldSection' is assigned a value but never used  no-unused-vars
  Line 73:9:  'inNewSection' is assigned a value but never used  no-unused-vars

src/components/UnifiedEmulator/tools/TerminalOutput.js
  Line 146:6:  React Hook useEffect has missing dependencies: 'allOutputs', 'settings?.fontSize', 'settings?.theme', and 'wsConnected'. Either include them or remove the dependency array  react-hooks/exhaustive-deps

src/hooks/useWebSocket.js
  Line 184:6:  React Hook useEffect has a missing dependency: 'initializeWebSocket'. Either include it or remove the dependency array  react-hooks/exhaustive-deps

src/pages/ChatPage.js
  Line 44:10:  'isTyping' is assigned a value but never used             no-unused-vars
  Line 77:18:  'wsSendMessage' is assigned a value but never used        no-unused-vars
  Line 79:5:   'isReconnecting' is assigned a value but never used       no-unused-vars
  Line 80:16:  'wsReconnect' is assigned a value but never used          no-unused-vars
  Line 81:5:   'getConnectionStatus' is assigned a value but never used  no-unused-vars

webpack compiled with 1 warning
The build failed because the process exited too early. This probably means the system ran out of memory or someone called `kill -9` on the process.
