
> ai-developer-agent-ui@1.0.0 start
> react-app-rewired start

Attempting to bind to HOST environment variable: 0.0.0.0
If this was unintentional, check that you haven't mistakenly set it in your shell.
Learn more here: https://cra.link/advanced-config

[HPM] Proxy created: /  -> http://localhost:8080
[HPM] Subscribed to http-proxy events: [ 'error', 'close' ]
[HPM] Proxy created: /  -> http://localhost:8080
[HPM] Subscribed to http-proxy events: [ 'error', 'close' ]
(node:30118) [DEP_WEBPACK_DEV_SERVER_ON_AFTER_SETUP_MIDDLEWARE] DeprecationWarning: 'onAfterSetupMiddleware' option is deprecated. Please use the 'setupMiddlewares' option.
(Use `node --trace-deprecation ...` to show where the warning was created)
(node:30118) [DEP_WEBPACK_DEV_SERVER_ON_BEFORE_SETUP_MIDDLEWARE] DeprecationWarning: 'onBeforeSetupMiddleware' option is deprecated. Please use the 'setupMiddlewares' option.
Starting the development server...

Compiled with warnings.

[eslint] 
src/hooks/useChatStore.js
  Line 82:17:  'validationResponse' is assigned a value but never used  no-unused-vars

Search for the keywords to learn more about each warning.
To ignore, add // eslint-disable-next-line to the line before.

WARNING in [eslint] 
src/hooks/useChatStore.js
  Line 82:17:  'validationResponse' is assigned a value but never used  no-unused-vars

webpack compiled with 1 warning
(node:30118) [DEP0060] DeprecationWarning: The `util._extend` API is deprecated. Please use Object.assign() instead.
Compiling...
Compiled with warnings.

[eslint] 
src/hooks/useChatStore.js
  Line 82:17:  'validationResponse' is assigned a value but never used  no-unused-vars

Search for the keywords to learn more about each warning.
To ignore, add // eslint-disable-next-line to the line before.

WARNING in [eslint] 
src/hooks/useChatStore.js
  Line 82:17:  'validationResponse' is assigned a value but never used  no-unused-vars

webpack compiled with 1 warning
The build failed because the process exited too early. This probably means the system ran out of memory or someone called `kill -9` on the process.
