
> ai-developer-agent-ui@1.0.0 start
> react-app-rewired start

Attempting to bind to HOST environment variable: 0.0.0.0
If this was unintentional, check that you haven't mistakenly set it in your shell.
Learn more here: https://cra.link/advanced-config

[HPM] Proxy created: /  -> http://localhost:8080
[HPM] Subscribed to http-proxy events: [ 'error', 'close' ]
[HPM] Proxy created: /  -> http://localhost:8080
[HPM] Subscribed to http-proxy events: [ 'error', 'close' ]
(node:25925) [DEP_WEBPACK_DEV_SERVER_ON_AFTER_SETUP_MIDDLEWARE] DeprecationWarning: 'onAfterSetupMiddleware' option is deprecated. Please use the 'setupMiddlewares' option.
(Use `node --trace-deprecation ...` to show where the warning was created)
(node:25925) [DEP_WEBPACK_DEV_SERVER_ON_BEFORE_SETUP_MIDDLEWARE] DeprecationWarning: 'onBeforeSetupMiddleware' option is deprecated. Please use the 'setupMiddlewares' option.
Starting the development server...

Compiled successfully!

You can now view ai-developer-agent-ui in the browser.

  http://localhost:3000

Note that the development build is not optimized.
To create a production build, use npm run build.

webpack compiled successfully
(node:25925) [DEP0060] DeprecationWarning: The `util._extend` API is deprecated. Please use Object.assign() instead.
Compiling...
Failed to compile.

[eslint] 
src/hooks/useChatStore.js
Syntax error: Unexpected token, expected "," (586:3) (586:3)
ERROR in ./src/hooks/useChatStore.js
Module build failed (from ./node_modules/babel-loader/lib/index.js):
SyntaxError: /home/ubuntu/FSDevAgent/frontend/src/hooks/useChatStore.js: Unexpected token, expected "," (586:3)

  584 |     }
  585 |   }
> 586 | }));
      |    ^
  587 |
  588 | export default useChatStore;
  589 |
    at constructor (/home/ubuntu/FSDevAgent/frontend/node_modules/@babel/parser/lib/index.js:363:19)
    at FlowParserMixin.raise (/home/ubuntu/FSDevAgent/frontend/node_modules/@babel/parser/lib/index.js:6609:19)
    at FlowParserMixin.unexpected (/home/ubuntu/FSDevAgent/frontend/node_modules/@babel/parser/lib/index.js:6629:16)
    at FlowParserMixin.expect (/home/ubuntu/FSDevAgent/frontend/node_modules/@babel/parser/lib/index.js:6910:12)
    at FlowParserMixin.parseCallExpressionArguments (/home/ubuntu/FSDevAgent/frontend/node_modules/@babel/parser/lib/index.js:11158:14)
    at FlowParserMixin.parseCoverCallAndAsyncArrowHead (/home/ubuntu/FSDevAgent/frontend/node_modules/@babel/parser/lib/index.js:11101:29)
    at FlowParserMixin.parseSubscript (/home/ubuntu/FSDevAgent/frontend/node_modules/@babel/parser/lib/index.js:11035:19)
    at FlowParserMixin.parseSubscript (/home/ubuntu/FSDevAgent/frontend/node_modules/@babel/parser/lib/index.js:3662:18)
    at FlowParserMixin.parseSubscripts (/home/ubuntu/FSDevAgent/frontend/node_modules/@babel/parser/lib/index.js:11009:19)
    at FlowParserMixin.parseSubscripts (/home/ubuntu/FSDevAgent/frontend/node_modules/@babel/parser/lib/index.js:3628:18)
    at FlowParserMixin.parseExprSubscripts (/home/ubuntu/FSDevAgent/frontend/node_modules/@babel/parser/lib/index.js:11000:17)
    at FlowParserMixin.parseUpdate (/home/ubuntu/FSDevAgent/frontend/node_modules/@babel/parser/lib/index.js:10981:21)
    at FlowParserMixin.parseMaybeUnary (/home/ubuntu/FSDevAgent/frontend/node_modules/@babel/parser/lib/index.js:10961:23)
    at FlowParserMixin.parseMaybeUnaryOrPrivate (/home/ubuntu/FSDevAgent/frontend/node_modules/@babel/parser/lib/index.js:10814:61)
    at FlowParserMixin.parseExprOps (/home/ubuntu/FSDevAgent/frontend/node_modules/@babel/parser/lib/index.js:10819:23)
    at FlowParserMixin.parseMaybeConditional (/home/ubuntu/FSDevAgent/frontend/node_modules/@babel/parser/lib/index.js:10796:23)
    at FlowParserMixin.parseMaybeAssign (/home/ubuntu/FSDevAgent/frontend/node_modules/@babel/parser/lib/index.js:10749:21)
    at FlowParserMixin.parseMaybeAssign (/home/ubuntu/FSDevAgent/frontend/node_modules/@babel/parser/lib/index.js:3561:18)
    at /home/ubuntu/FSDevAgent/frontend/node_modules/@babel/parser/lib/index.js:10718:39
    at FlowParserMixin.allowInAnd (/home/ubuntu/FSDevAgent/frontend/node_modules/@babel/parser/lib/index.js:12340:16)
    at FlowParserMixin.parseMaybeAssignAllowIn (/home/ubuntu/FSDevAgent/frontend/node_modules/@babel/parser/lib/index.js:10718:17)
    at FlowParserMixin.parseVar (/home/ubuntu/FSDevAgent/frontend/node_modules/@babel/parser/lib/index.js:13276:91)
    at FlowParserMixin.parseVarStatement (/home/ubuntu/FSDevAgent/frontend/node_modules/@babel/parser/lib/index.js:13122:10)
    at FlowParserMixin.parseStatementContent (/home/ubuntu/FSDevAgent/frontend/node_modules/@babel/parser/lib/index.js:12743:23)
    at FlowParserMixin.parseStatementLike (/home/ubuntu/FSDevAgent/frontend/node_modules/@babel/parser/lib/index.js:12658:17)
    at FlowParserMixin.parseStatementLike (/home/ubuntu/FSDevAgent/frontend/node_modules/@babel/parser/lib/index.js:2928:24)
    at FlowParserMixin.parseModuleItem (/home/ubuntu/FSDevAgent/frontend/node_modules/@babel/parser/lib/index.js:12635:17)
    at FlowParserMixin.parseBlockOrModuleBlockBody (/home/ubuntu/FSDevAgent/frontend/node_modules/@babel/parser/lib/index.js:13208:36)
    at FlowParserMixin.parseBlockBody (/home/ubuntu/FSDevAgent/frontend/node_modules/@babel/parser/lib/index.js:13201:10)
    at FlowParserMixin.parseProgram (/home/ubuntu/FSDevAgent/frontend/node_modules/@babel/parser/lib/index.js:12525:10)
    at FlowParserMixin.parseTopLevel (/home/ubuntu/FSDevAgent/frontend/node_modules/@babel/parser/lib/index.js:12515:25)
    at FlowParserMixin.parseTopLevel (/home/ubuntu/FSDevAgent/frontend/node_modules/@babel/parser/lib/index.js:3697:28)
    at FlowParserMixin.parse (/home/ubuntu/FSDevAgent/frontend/node_modules/@babel/parser/lib/index.js:14381:10)
    at parse (/home/ubuntu/FSDevAgent/frontend/node_modules/@babel/parser/lib/index.js:14415:38)
    at parser (/home/ubuntu/FSDevAgent/frontend/node_modules/@babel/core/lib/parser/index.js:41:34)
    at parser.next (<anonymous>)
    at normalizeFile (/home/ubuntu/FSDevAgent/frontend/node_modules/@babel/core/lib/transformation/normalize-file.js:64:37)
    at normalizeFile.next (<anonymous>)
    at run (/home/ubuntu/FSDevAgent/frontend/node_modules/@babel/core/lib/transformation/index.js:22:50)
    at run.next (<anonymous>)
    at transform (/home/ubuntu/FSDevAgent/frontend/node_modules/@babel/core/lib/transform.js:22:33)
    at transform.next (<anonymous>)
    at step (/home/ubuntu/FSDevAgent/frontend/node_modules/gensync/index.js:261:32)
    at /home/ubuntu/FSDevAgent/frontend/node_modules/gensync/index.js:273:13
    at async.call.result.err.err (/home/ubuntu/FSDevAgent/frontend/node_modules/gensync/index.js:223:11)
    at /home/ubuntu/FSDevAgent/frontend/node_modules/gensync/index.js:189:28
    at /home/ubuntu/FSDevAgent/frontend/node_modules/@babel/core/lib/gensync-utils/async.js:67:7
    at /home/ubuntu/FSDevAgent/frontend/node_modules/gensync/index.js:113:33
    at step (/home/ubuntu/FSDevAgent/frontend/node_modules/gensync/index.js:287:14)
    at /home/ubuntu/FSDevAgent/frontend/node_modules/gensync/index.js:273:13

ERROR in [eslint] 
src/hooks/useChatStore.js
  Line 586:3:  Parsing error: Unexpected token, expected "," (586:3)

webpack compiled with 2 errors
Compiling...
Compiled successfully!
webpack compiled successfully
The build failed because the process exited too early. This probably means the system ran out of memory or someone called `kill -9` on the process.
