
> ai-developer-agent-ui@1.0.0 start
> react-app-rewired start

Attempting to bind to HOST environment variable: 0.0.0.0
If this was unintentional, check that you haven't mistakenly set it in your shell.
Learn more here: https://cra.link/advanced-config

[HPM] Proxy created: /  -> http://localhost:8080
[HPM] Subscribed to http-proxy events: [ 'error', 'close' ]
[HPM] Proxy created: /  -> http://localhost:8080
[HPM] Subscribed to http-proxy events: [ 'error', 'close' ]
(node:16360) [DEP_WEBPACK_DEV_SERVER_ON_AFTER_SETUP_MIDDLEWARE] DeprecationWarning: 'onAfterSetupMiddleware' option is deprecated. Please use the 'setupMiddlewares' option.
(Use `node --trace-deprecation ...` to show where the warning was created)
(node:16360) [DEP_WEBPACK_DEV_SERVER_ON_BEFORE_SETUP_MIDDLEWARE] DeprecationWarning: 'onBeforeSetupMiddleware' option is deprecated. Please use the 'setupMiddlewares' option.
Starting the development server...

Compiled successfully!

You can now view ai-developer-agent-ui in the browser.

  http://localhost:3000

Note that the development build is not optimized.
To create a production build, use npm run build.

webpack compiled successfully
(node:16360) [DEP0060] DeprecationWarning: The `util._extend` API is deprecated. Please use Object.assign() instead.
Compiling...
Compiled successfully!
webpack compiled successfully
Compiling...
Compiled with warnings.

[eslint] 
src/hooks/useChatStore.js
  Line 10:7:  'parseEvents' is assigned a value but never used  no-unused-vars

Search for the keywords to learn more about each warning.
To ignore, add // eslint-disable-next-line to the line before.

WARNING in [eslint] 
src/hooks/useChatStore.js
  Line 10:7:  'parseEvents' is assigned a value but never used  no-unused-vars

webpack compiled with 1 warning
Compiling...
Compiled successfully!
webpack compiled successfully
Compiling...
Failed to compile.

[eslint] 
src/hooks/useChatStore.js
  Line 252:38:  'parseEvents' is not defined  no-undef

Search for the keywords to learn more about each error.
ERROR in [eslint] 
src/hooks/useChatStore.js
  Line 252:38:  'parseEvents' is not defined  no-undef

Search for the keywords to learn more about each error.

webpack compiled with 1 error
Compiling...
Compiled successfully!
webpack compiled successfully
Compiling...
Compiled successfully!
webpack compiled successfully
Compiling...
Compiled successfully!
webpack compiled successfully
Compiling...
Compiled successfully!
webpack compiled successfully
Compiling...
Compiled with warnings.

[eslint] 
src/hooks/useChatStore.js
  Line 10:7:  'parseEvents' is assigned a value but never used  no-unused-vars

Search for the keywords to learn more about each warning.
To ignore, add // eslint-disable-next-line to the line before.

WARNING in [eslint] 
src/hooks/useChatStore.js
  Line 10:7:  'parseEvents' is assigned a value but never used  no-unused-vars

webpack compiled with 1 warning
Compiling...
Compiled successfully!
webpack compiled successfully
Compiling...
Failed to compile.

[eslint] 
src/hooks/useChatStore.js
  Line 285:42:  'parseEvents' is not defined  no-undef

Search for the keywords to learn more about each error.
WARNING in [eslint] 
src/hooks/useChatStore.js
  Line 11:7:  'parseEventsThrottled' is assigned a value but never used  no-unused-vars

ERROR in [eslint] 
src/hooks/useChatStore.js
  Line 285:42:  'parseEvents' is not defined  no-undef

Search for the keywords to learn more about each error.

webpack compiled with 1 error and 1 warning
Compiling...
Compiled successfully!
webpack compiled successfully
Compiling...
Failed to compile.

[eslint] 
src/hooks/useChatStore.js
  Line 287:27:  'parseEventsThrottled' is not defined  no-undef

Search for the keywords to learn more about each error.
WARNING in [eslint] 
src/hooks/useChatStore.js
  Line 10:7:  'eventsCache' is assigned a value but never used  no-unused-vars
  Line 13:7:  'parseEvents' is assigned a value but never used  no-unused-vars

ERROR in [eslint] 
src/hooks/useChatStore.js
  Line 287:27:  'parseEventsThrottled' is not defined  no-undef

Search for the keywords to learn more about each error.

webpack compiled with 1 error and 1 warning
Compiling...
Compiled successfully!
webpack compiled successfully
Compiling...
Compiled successfully!
webpack compiled successfully
The build failed because the process exited too early. This probably means the system ran out of memory or someone called `kill -9` on the process.
